---
http_interactions:
- request:
    method: post
    uri: api.agilixbuzz.com/cmd
    body:
      encoding: UTF-8
      string: '{"request":{"cmd":"login2","username":"auto-tests/<AGILIX_BUZZ_USERNAME>","password":"<AGILIX_BUZZ_PASSWORD>"}}'
    headers:
      Accept:
      - application/json
      Content-Type:
      - application/json
  response:
    status:
      code: 200
      message: OK
    headers:
      Date:
      - Mon, 18 Mar 2019 07:50:43 GMT
      Content-Type:
      - application/json; charset=utf-8
      Transfer-Encoding:
      - chunked
      Connection:
      - keep-alive
      Set-Cookie:
      - __cfduid=d872497604656e7863b76cc64ae45468a1552895443; expires=Tue, 17-Mar-20
        07:50:43 GMT; path=/; domain=.agilixbuzz.com; HttpOnly; Secure
      Pragma:
      - no-cache
      Expires:
      - "-1"
      X-Content-Type-Options:
      - nosniff
      Strict-Transport-Security:
      - max-age=31536000
      Agilix-Encoding:
      - gzip
      Agilix-Server:
      - xLi_71 (39)
      Cache-Control:
      - no-cache, no-store
      Expect-Ct:
      - max-age=604800, report-uri="https://report-uri.cloudflare.com/cdn-cgi/beacon/expect-ct"
      Server:
      - cloudflare
      Cf-Ray:
      - 4b959e08ce2aa07c-SLC
    body:
      encoding: UTF-8
      string: "{\r\n  \"response\":{\r\n    \"code\":\"OK\",\r\n    \"user\":{\r\n
        \     \"userid\":\"57026\",\r\n      \"username\":\"<AGILIX_BUZZ_USERNAME>\",\r\n
        \     \"firstname\":\"Buzz\",\r\n      \"lastname\":\"Test\",\r\n      \"email\":\"<AGILIX_BUZZ_USERNAME>\",\r\n
        \     \"domainid\":\"57025\",\r\n      \"domainname\":\"BuzzTestUpdatedName1\",\r\n
        \     \"userspace\":\"auto-tests\",\r\n      \"token\":\"~0.C5MLKqYnsxQC7N.BfFZGF17mwY76sc6bzXbPK4yOtUlqNKqnWJBqumUNjM\",\r\n
        \     \"authenticationexpirationminutes\":14\r\n    }\r\n  }\r\n}"
    http_version: 
  recorded_at: Mon, 18 Mar 2019 07:50:43 GMT
- request:
    method: get
    uri: api.agilixbuzz.com/cmd?_token=~0.C5MLKqYnsxQC7N.BfFZGF17mwY76sc6bzXbPK4yOtUlqNKqnWJBqumUNjM&cmd=getenrollment3&enrollmentid=60997
    body:
      encoding: US-ASCII
      string: ''
    headers:
      Accept:
      - application/json
      Content-Type:
      - application/json
  response:
    status:
      code: 200
      message: OK
    headers:
      Date:
      - Mon, 18 Mar 2019 07:50:43 GMT
      Content-Type:
      - application/json; charset=utf-8
      Transfer-Encoding:
      - chunked
      Connection:
      - keep-alive
      Set-Cookie:
      - __cfduid=d997301a99649713df39f3a1f9eb6f0361552895443; expires=Tue, 17-Mar-20
        07:50:43 GMT; path=/; domain=.agilixbuzz.com; HttpOnly; Secure
      Pragma:
      - no-cache
      Expires:
      - "-1"
      X-Content-Type-Options:
      - nosniff
      Strict-Transport-Security:
      - max-age=31536000
      Agilix-Encoding:
      - gzip
      Agilix-Server:
      - xLi_71 (12)
      Cache-Control:
      - no-cache, no-store
      Expect-Ct:
      - max-age=604800, report-uri="https://report-uri.cloudflare.com/cdn-cgi/beacon/expect-ct"
      Server:
      - cloudflare
      Cf-Ray:
      - 4b959e09ea64a040-SLC
    body:
      encoding: UTF-8
      string: "{\r\n  \"response\":{\r\n    \"code\":\"OK\",\r\n    \"enrollment\":{\r\n
        \     \"id\":\"60997\",\r\n      \"userid\":\"57181\",\r\n      \"courseid\":\"60982\",\r\n
        \     \"roleid\":\"116\",\r\n      \"domainid\":\"57025\",\r\n      \"reference\":\"\",\r\n
        \     \"guid\":\"3f75f962-108e-43de-ba63-98c6cfde517f\",\r\n      \"privileges\":\"2228225\",\r\n
        \     \"status\":7,\r\n      \"startdate\":\"2019-03-17T06:00:00Z\",\r\n      \"enddate\":\"2020-03-16T05:59:00Z\",\r\n
        \     \"flags\":0,\r\n      \"firstactivitydate\":\"0001-01-01T00:00:00Z\",\r\n
        \     \"lastactivitydate\":\"0001-01-01T00:00:00Z\",\r\n      \"creationdate\":\"2019-03-18T00:11:20.223Z\",\r\n
        \     \"creationby\":\"4305\",\r\n      \"modifieddate\":\"2019-03-18T07:46:17.993Z\",\r\n
        \     \"modifiedby\":\"57026\",\r\n      \"version\":\"6\"\r\n    }\r\n  }\r\n}"
    http_version: 
  recorded_at: Mon, 18 Mar 2019 07:50:43 GMT
- request:
    method: post
    uri: api.agilixbuzz.com/cmd
    body:
      encoding: UTF-8
      string: '{"request":{"cmd":"proxy","userid":"57181","noazt":true,"_token":"~0.C5MLKqYnsxQC7N.BfFZGF17mwY76sc6bzXbPK4yOtUlqNKqnWJBqumUNjM"}}'
    headers:
      Accept:
      - application/json
      Content-Type:
      - application/json
  response:
    status:
      code: 200
      message: OK
    headers:
      Date:
      - Mon, 18 Mar 2019 07:50:43 GMT
      Content-Type:
      - application/json; charset=utf-8
      Transfer-Encoding:
      - chunked
      Connection:
      - keep-alive
      Set-Cookie:
      - __cfduid=d1e01ec13b67c1ac7d49db89008b6643e1552895443; expires=Tue, 17-Mar-20
        07:50:43 GMT; path=/; domain=.agilixbuzz.com; HttpOnly; Secure
      Pragma:
      - no-cache
      Expires:
      - "-1"
      X-Content-Type-Options:
      - nosniff
      Strict-Transport-Security:
      - max-age=31536000
      Agilix-Encoding:
      - gzip
      Agilix-Server:
      - xLi_7915 (29)
      Cache-Control:
      - no-cache, no-store
      Expect-Ct:
      - max-age=604800, report-uri="https://report-uri.cloudflare.com/cdn-cgi/beacon/expect-ct"
      Server:
      - cloudflare
      Cf-Ray:
      - 4b959e0aee54a05e-SLC
    body:
      encoding: UTF-8
      string: "{\r\n  \"response\":{\r\n    \"code\":\"OK\",\r\n    \"user\":{\r\n
        \     \"userid\":\"57181\",\r\n      \"username\":\"BuzzUserUp1\",\r\n      \"firstname\":\"Buzz\",\r\n
        \     \"lastname\":\"ManUpdated\",\r\n      \"email\":\"buzzusertest1@agilix.com\",\r\n
        \     \"domainid\":\"57025\",\r\n      \"domainname\":\"BuzzTestUpdatedName1\",\r\n
        \     \"userspace\":\"auto-tests\",\r\n      \"token\":\"~0.ILeWSNDU6Egd9NAAIs3.SY3NZSRcPXR-sP6ToaMCE-nNzKXgBikT380pMp966HQ\",\r\n
        \     \"authenticationexpirationminutes\":14,\r\n      \"agent\":{\r\n        \"userid\":\"57026\",\r\n
        \       \"username\":\"<AGILIX_BUZZ_USERNAME>\",\r\n        \"firstname\":\"Buzz\",\r\n
        \       \"lastname\":\"Test\",\r\n        \"email\":\"<AGILIX_BUZZ_USERNAME>\",\r\n
        \       \"domainid\":\"57025\",\r\n        \"domainname\":\"BuzzTestUpdatedName1\",\r\n
        \       \"userspace\":\"auto-tests\"\r\n      }\r\n    }\r\n  }\r\n}"
    http_version: 
  recorded_at: Mon, 18 Mar 2019 07:50:43 GMT
- request:
    method: post
    uri: api.agilixbuzz.com/cmd?_token=~0.ILeWSNDU6Egd9NAAIs3.SY3NZSRcPXR-sP6ToaMCE-nNzKXgBikT380pMp966HQ&cmd=sendmail&enrollmentid=60997
    body:
      encoding: UTF-8
      string: '{"email":{"subject":{"$value":"Test email"},"body":{"$value":"Did you
        get this?"},"enrollments":{"enrollment":[{"id":"all"}]}}}'
    headers:
      Accept:
      - application/json
      Content-Type:
      - application/json
  response:
    status:
      code: 200
      message: OK
    headers:
      Date:
      - Mon, 18 Mar 2019 07:50:44 GMT
      Content-Type:
      - application/json; charset=utf-8
      Transfer-Encoding:
      - chunked
      Connection:
      - keep-alive
      Set-Cookie:
      - __cfduid=dd05005aa045e39e20eeeebabbfeca03d1552895443; expires=Tue, 17-Mar-20
        07:50:43 GMT; path=/; domain=.agilixbuzz.com; HttpOnly; Secure
      Pragma:
      - no-cache
      Expires:
      - "-1"
      X-Content-Type-Options:
      - nosniff
      Strict-Transport-Security:
      - max-age=31536000
      Agilix-Encoding:
      - gzip
      Agilix-Server:
      - xLi_71 (311)
      Cache-Control:
      - no-cache, no-store
      Expect-Ct:
      - max-age=604800, report-uri="https://report-uri.cloudflare.com/cdn-cgi/beacon/expect-ct"
      Server:
      - cloudflare
      Cf-Ray:
      - 4b959e0c3efea028-SLC
    body:
      encoding: UTF-8
      string: "{\r\n  \"response\":{\r\n    \"code\":\"OK\"\r\n  }\r\n}"
    http_version: 
  recorded_at: Mon, 18 Mar 2019 07:50:44 GMT
recorded_with: VCR 4.0.0
